
ANTONY
Cold
hearted
toward
me
CLEOPATRA
Ah
dear
if
I
be
so
From
my
cold
heart
let
heaven
engender
hail
And
poison
it
in
the
source
and
the
first
stone
Drop
in
my
neck
as
it
determines
so
Dissolve
my
life
The
next
Caesarion
smite
Till
by
degrees
the
memory
of
my
womb
Together
with
my
brave
Egyptians
all
By
the
discandying
of
this
pelleted
storm
Lie
graveless
till
the
flies
and
gnats
of
Nile
Have
buried
them
for
prey
ANTONY
I
am
satisfied
Caesar
sits
down
in
Alexandria
where
I
will
oppose
his
fate
Our
force
by
land
Hath
nobly
held
our
sever
d
navy
to
Have
knit
again
and
fleet
threat
ning
most
sea
like
Where
hast
thou
been
my
heart
Dost
thou
hear
lady
If
from
the
field
I
shall
return
once
more
To
kiss
these
lips
I
will
appear
in
blood
I
and
my
sword
will
earn
our
chronicle
There
s
hope
in
t
yet
CLEOPATRA
That
s
my
brave
lord
ANTONY
I
will
be
treble
sinew
d
hearted
breath
d
And
fight
maliciously
For
when
mine
hours
Were
nice
and
lucky
men
did
ransom
lives
Of
me
for
jests
but
now
I
ll
set
my
teeth
And
send
to
darkness
all
that
stop
me
Come
Let
s
have
one
other
gaudy
night
Call
to
me
All
my
sad
captains
fill
our
bowls
once
more
Let
s
mock
the
midnight
bell
CLEOPATRA
It
is
my
birthday
I
had
thought
t
have
held
it
poor
but
since
my
lord
Is
Antony
again
I
will
be
Cleopatra
ANTONY
We
will
yet
do
well
CLEOPATRA
Call
all
his
noble
captains
to
my
lord
ANTONY
Do
so
we
ll
speak
to
them
and
to
night
I
ll
force
The
wine
peep
through
their
scars
Come
on
my
queen
There
s
sap
in
t
yet
The
next
time
I
do
fight
I
ll
make
death
love
me
for
I
will
contend
Even
with
his
pestilent
scythe
Exeunt
all
but
ENOBARBUS
ENOBARBUS
Now
he
ll
outstare
the
lightning
To
be
furious
Is
to
be
frighted
out
of
fear
and
in
that
mood
The
dove
will
peck
the
estridge
and
I
see
still
A
diminution
in
our
captain
s
brain
Restores
his
heart
When
valour
preys
on
reason
It
eats
the
sword
it
fights
with
I
will
seek
Some
way
to
leave
him
Exit
ACT
4
SC
1
ACT
IV
SCENE
I
CAESAR
S
camp
before
Alexandria
Enter
CAESAR
AGRIPPA
and
MAECENAS
with
his
army
CAESAR
reading
a
letter
CAESAR
He
calls
me
boy
and
chides
as
he
had
power
To
beat
me
out
of
Egypt
My
messenger
He
hath
whipt
with
rods
dares
me
to
personal
combat
Caesar
to
Antony
Let
the
old
ruffian
know
I
have
many
other
ways
to
die
meantime
Laugh
at
his
challenge
MAECENAS
Caesar
must
think
When
one
so
great
begins
to
rage
he
s
hunted
Even
to
falling
Give
him
no
breath
but
now
Make
boot
of
his
distraction
Never
anger
Made
good
guard
for
itself
CAESAR
Let
our
best
heads
Know
that
to
morrow
the
last
of
many
battles
We
mean
to
fight
Within
our
files
there
are
Of
those
that
serv
d
Mark
Antony
but
late
Enough
to
fetch
him
in
See
it
done
And
feast
the
army
we
have
store
to
do
t
And
they
have
earn
d
the
waste
Poor
Antony
Exeunt
ACT
4
SC
2
SCENE
II
Alexandria
CLEOPATRA
s
palace
Enter
ANTONY
CLEOPATRA
ENOBARBUS
CHARMIAN
IRAS
ALEXAS
with
others
ANTONY
He
will
not
fight
with
me
Domitius
ENOBARBUS
No
ANTONY
Why
should
he
not
ENOBARBUS
He
thinks
being
twenty
times
of
better
fortune
He
is
twenty
men
to
one
ANTONY
To
morrow
soldier
By
sea
and
land
I
ll
fight
Or
I
will
live
Or
bathe
my
dying
honour
in
the
blood
Shall
make
it
live
again
Woo
t
thou
fight
well
ENOBARBUS
I
ll
strike
and
cry
Take
all
ANTONY
Well
said
come
on
Call
forth
my
household
servants
let
s
to
night
Be
bounteous
at
our
meal
Enter
three
or
four
servitors
Give
me
thy
hand
Thou
has
been
rightly
honest
So
hast
thou
Thou
and
thou
and
thou
You
have
serv
d
me
well
And
kings
have
been
your
fellows
CLEOPATRA
Aside
to
ENOBARBUS
What
means
this
ENOBARBUS
Aside
to
CLEOPATRA
Tis
one
of
those
odd
tricks
which
sorrow
shoots
Out
of
the
mind
ANTONY
And
thou
art
honest
too
I
wish
I
could
be
made
so
many
men
And
all
of
you
clapp
d
up
together
in
An
Antony
that
I
might
do
you
service
So
good
as
you
have
done
SERVANT
The
gods
forbid
ANTONY
Well
my
good
fellows
wait
on
me
to
night
Scant
not
my
cups
and
make
as
much
of
me
As
when
mine
empire
was
your
fellow
too
And
suffer
d
my
command
CLEOPATRA
Aside
to
ENOBARBUS
What
does
he
mean
ENOBARBUS
Aside
to
CLEOPATRA
To
make
his
followers
weep
ANTONY
Tend
me
to
night
May
be
it
is
the
period
of
your
duty
Haply
you
shall
not
see
me
more
or
if
A
mangled
shadow
Perchance
to
morrow
You
ll
serve
another
master
I
look
on
you
As
one
that
takes
his
leave
Mine
honest
friends
I
turn
you
not
away
but
like
a
master
Married
to
your
good
service
stay
till
death
Tend
me
to
night
two
hours
I
ask
no
more
And
the
gods
yield
you
for
t
ENOBARBUS
What
mean
you
sir
To
give
them
this
discomfort
Look
they
weep
And
I
an
ass
am
onion
ey
d
For
shame
Transform
us
not
to
women
ANTONY
Ho
ho
ho
Now
the
witch
take
me
if
I
meant
it
thus
Grace
grow
where
those
drops
fall
My
hearty
friends
You
take
me
in
too
dolorous
a
sense
For
I
spake
to
you
for
your
comfort
did
desire
you
To
burn
this
night
with
torches
Know
my
hearts
I
hope
well
of
to
morrow
and
will
lead
you
Where
rather
I
ll
expect
victorious
life
Than
death
and
honour
Let
s
to
supper
come
And
drown
consideration
Exeunt
ACT
4
SC
3
SCENE
III
Alexandria
Before
CLEOPATRA
s
palace
Enter
a
company
of
soldiers
FIRST
SOLDIER
Brother
good
night
To
morrow
is
the
day
SECOND
SOLDIER
It
will
determine
one
way
Fare
you
well
Heard
you
of
nothing
strange
about
the
streets
FIRST
SOLDIER
Nothing
What
news
SECOND
SOLDIER
Belike
tis
but
a
rumour
Good
night
to
you
FIRST
SOLDIER
Well
sir
good
night
They
meet
other
soldiers
SECOND
SOLDIER
Soldiers
have
careful
watch
FIRST
SOLDIER
And
you
Good
night
good
night
The
two
companies
separate
and
place
themselves
in
every
corner
of
the
stage
SECOND
SOLDIER
Here
we
And
if
to
morrow
Our
navy
thrive
I
have
an
absolute
hope
Our
landmen
will
stand
up
THIRD
SOLDIER
Tis
a
brave
army
And
full
of
purpose
Music
of
the
hautboys
is
under
the
stage
SECOND
SOLDIER
Peace
what
noise
THIRD
SOLDIER
List
list
SECOND
SOLDIER
Hark
THIRD
SOLDIER
Music
i
th
air
FOURTH
SOLDIER
Under
the
earth
THIRD
SOLDIER
It
signs
well
does
it
not
FOURTH
SOLDIER
No
THIRD
SOLDIER
Peace
I
say
What
should
this
mean
SECOND
SOLDIER
Tis
the
god
Hercules
whom
Antony
lov
d
Now
leaves
him
THIRD
SOLDIER
Walk
let
s
see
if
other
watchmen
Do
hear
what
we
do
SECOND
SOLDIER
How
now
masters
SOLDIERS
Speaking
together
How
now
How
now
Do
you
hear
this
FIRST
SOLDIER
Ay
is
t
not
strange
THIRD
SOLDIER
Do
you
hear
masters
Do
you
hear
FIRST
SOLDIER
Follow
the
noise
so
far
as
we
have
quarter
Let
s
see
how
it
will
give
off
SOLDIERS
Content
Tis
strange
Exeunt
ACT
4
SC
4
SCENE
IV
Alexandria
CLEOPATRA
s
palace
Enter
ANTONY
and
CLEOPATRA
CHARMIAN
IRAS
with
others
ANTONY
Eros
mine
armour
Eros
CLEOPATRA
Sleep
a
little
ANTONY
No
my
chuck
Eros
Come
mine
armour
Eros
Enter
EROS
with
armour
Come
good
fellow
put
mine
iron
on
If
fortune
be
not
ours
to
day
it
is
Because
we
brave
her
Come
CLEOPATRA
Nay
I
ll
help
too
What
s
this
for
ANTONY
Ah
let
be
let
be
Thou
art
The
armourer
of
my
heart
False
false
this
this
CLEOPATRA
Sooth
la
I
ll
help
Thus
it
must
be
ANTONY
Well
well
We
shall
thrive
now
Seest
thou
my
good
fellow
Go
put
on
thy
defences
EROS
Briefly
sir
CLEOPATRA
Is
not
this
buckled
well
ANTONY
Rarely
rarely
He
that
unbuckles
this
till
we
do
please
To
daff
t
for
our
repose
shall
hear
a
storm
Thou
fumblest
Eros
and
my
queen
s
a
squire
More
tight
at
this
than
thou
Dispatch
O
love
That
thou
couldst
see
my
wars
to
day
and
knew
st
The
royal
occupation
Thou
shouldst
see
A
workman
in
t
Enter
an
armed
SOLDIER
Good
morrow
to
thee
Welcome
Thou
look
st
like
him
that
knows
a
warlike
charge
To
business
that
we
love
we
rise
betime
And
go
to
t
with
delight
SOLDIER
A
thousand
sir
Early
though
t
be
have
on
their
riveted
trim
And
at
the
port
expect
you
Shout
Flourish
of
trumpets
within
Enter
CAPTAINS
and
soldiers
CAPTAIN
The
morn
is
fair
Good
morrow
General
ALL
Good
morrow
General
ANTONY
Tis
well
blown
lads
This
morning
like
the
spirit
of
a
youth
That
means
to
be
of
note
begins
betimes
So
so
Come
give
me
that
This
way
Well
said
Fare
thee
well
dame
whate
er
becomes
of
me
This
is
a
soldier
s
kiss
Rebukeable
And
worthy
shameful
check
it
were
to
stand
On
more
mechanic
compliment
I
ll
leave
thee
Now
like
a
man
of
steel
You
that
will
fight
Follow
me
close
I
ll
bring
you
to
t
Adieu
Exeunt
ANTONY
EROS
CAPTAINS
and
soldiers
CHARMIAN
Please
you
retire
to
your
chamber
CLEOPATRA
Lead
me
He
goes
forth
gallantly
That
he
and
Caesar
might
Determine
this
great
war
in
single
fight
Then
Antony
but
now
Well
on
Exeunt
ACT
4
SC
5
SCENE
V
Alexandria
ANTONY
S
camp
Trumpets
sound
Enter
ANTONY
and
EROS
a
SOLDIER
meeting
them
SOLDIER
The
gods
make
this
a
happy
day
to
Antony
ANTONY
Would
thou
and
those
thy
scars
had
once
prevail
d
To
make
me
fight
at
land
SOLDIER
Hadst
thou
done
so
The
kings
that
have
revolted
and
the
soldier
That
has
this
morning
left
thee
would
have
still
Followed
thy
heels
ANTONY
Who
s
gone
this
morning
SOLDIER
Who
One
ever
near
thee
Call
for
Enobarbus
He
shall
not
hear
thee
or
from
Caesar
s
camp
Say
I
am
none
of
thine
ANTONY
What
say
st
thou
SOLDIER
Sir
He
is
with
Caesar
EROS
Sir
his
chests
and
treasure
He
has
not
with
him
ANTONY
Is
he
gone
SOLDIER
Most
certain
ANTONY
Go
Eros
send
his
treasure
after
do
it
Detain
no
jot
I
charge
thee
Write
to
him
I
will
subscribe
gentle
adieus
and
greetings
Say
that
I
wish
he
never
find
more
cause
To
change
a
master
O
my
fortunes
have
Corrupted
honest
men
Dispatch
Enobarbus
Exeunt
ACT
4
SC
6
SCENE
VI
Alexandria
CAESAR
S
camp
Flourish
Enter
AGRIPPA
CAESAR
With
DOLABELLA
and
ENOBARBUS
CAESAR
Go
forth
Agrippa
and
begin
the
fight
Our
will
is
Antony
be
took
alive
Make
it
so
known
AGRIPPA
Caesar
I
shall
Exit
CAESAR
The
time
of
universal
peace
is
near
Prove
this
a
prosp
rous
day
the
three
nook
d
world
Shall
bear
the
olive
freely
Enter
A
MESSENGER
MESSENGER
Antony
Is
come
into
the
field
CAESAR
Go
charge
Agrippa
Plant
those
that
have
revolted
in
the
vant
That
Antony
may
seem
to
spend
his
fury
Upon
himself
Exeunt
all
but
ENOBARBUS
ENOBARBUS
Alexas
did
revolt
and
went
to
Jewry
on
Affairs
of
Antony
there
did
dissuade
Great
Herod
to
incline
himself
to
Caesar
And
leave
his
master
Antony
For
this
pains
Casaer
hath
hang
d
him
Canidius
and
the
rest
That
fell
away
have
entertainment
but
No
honourable
trust
I
have
done
ill
Of
which
I
do
accuse
myself
so
sorely
That
I
will
joy
no
more
Enter
a
SOLDIER
of
CAESAR
S
SOLDIER
Enobarbus
Antony
Hath
after
thee
sent
all
thy
treasure
with
His
bounty
overplus
The
messenger
Came
on
my
guard
and
at
thy
tent
is
now
Unloading
of
his
mules
ENOBARBUS
I
give
it
you
SOLDIER
Mock
not
Enobarbus
I
tell
you
true
Best
you
saf
d
the
bringer
Out
of
the
host
I
must
attend
mine
office
Or
would
have
done
t
myself
Your
emperor
Continues
still
a
Jove
Exit
ENOBARBUS
I
am
alone
the
villain
of
the
earth
And
feel
I
am
so
most
O
Antony
Thou
mine
of
bounty
how
wouldst
thou
have
paid
My
better
service
when
my
turpitude
Thou
dost
so
crown
with
gold
This
blows
my
heart
If
swift
thought
break
it
not
a
swifter
mean
Shall
outstrike
thought
but
thought
will
do
t
I
feel
I
fight
against
thee
No
I
will
go
seek
Some
ditch
wherein
to
die
the
foul
st
best
fits
My
latter
part
of
life
Exit
ACT
4
SC
7
SCENE
VII
Field
of
battle
between
the
camps
Alarum
Drums
and
trumpets
Enter
AGRIPPA
and
others
AGRIPPA
Retire
We
have
engag
d
ourselves
too
far
Caesar
himself
has
work
and
our
oppression
Exceeds
what
we
expected
Exeunt
Alarums
Enter
ANTONY
and
SCARUS
wounded
SCARUS
O
my
brave
Emperor
this
is
fought
indeed
Had
we
done
so
at
first
we
had
droven
them
home
With
clouts
about
their
heads
ANTONY
Thou
bleed
st
apace
SCARUS
I
had
a
wound
here
that
was
like
a
T
But
now
tis
made
an
H
ANTONY
They
do
retire
SCARUS
We
ll
beat
em
into
bench
holes
I
have
yet
Room
for
six
scotches
more
Enter
EROS
EROS
They
are
beaten
sir
and
our
advantage
serves
For
a
fair
victory
SCARUS
Let
us
score
their
backs
And
snatch
em
up
as
we
take
hares
behind
Tis
sport
to
maul
a
runner
ANTONY
I
will
reward
thee
Once
for
thy
sprightly
comfort
and
tenfold
For
thy
good
valour
Come
thee
on
SCARUS
I
ll
halt
after
Exeunt
ACT
4
SC
8
SCENE
VIII
Under
the
walls
of
Alexandria
Alarum
Enter
ANTONY
again
in
a
march
SCARUS
with
others
ANTONY
We
have
beat
him
to
his
camp
Run
one
before
And
let
the
Queen
know
of
our
gests
To
morrow
Before
the
sun
shall
see
s
we
ll
spill
the
blood
That
has
to
day
escap
d
I
thank
you
all
For
doughty
handed
are
you
and
have
fought
Not
as
you
serv
d
the
cause
but
as
t
had
been
Each
man
s
like
mine
you
have
shown
all
Hectors
Enter
the
city
clip
your
wives
your
friends
Tell
them
your
feats
whilst
they
with
joyful
tears
Wash
the
congealment
from
your
wounds
and
kiss
The
honour
d
gashes
whole
Enter
CLEOPATRA
attended
To
SCARUS
Give
me
thy
hand
To
this
great
fairy
I
ll
commend
thy
acts
Make
her
thanks
bless
thee
O
thou
day
o
th
world
Chain
mine
arm
d
neck
Leap
thou
attire
and
all
Through
proof
of
harness
to
my
heart
and
there
Ride
on
the
pants
triumphing
CLEOPATRA
Lord
of
lords
O
infinite
virtue
com
st
thou
smiling
from
The
world
s
great
snare
uncaught
ANTONY
Mine
nightingale
We
have
beat
them
to
their
beds
What
girl
though
grey
Do
something
mingle
with
our
younger
brown
yet
ha
we
A
brain
that
nourishes
our
nerves
and
can
Get
goal
for
goal
of
youth
Behold
this
man
Commend
unto
his
lips
thy
favouring
hand
Kiss
it
my
warrior
he
hath
fought
to
day
As
if
a
god
in
hate
of
mankind
had
Destroyed
in
such
a
shape
CLEOPATRA
I
ll
give
thee
friend
An
armour
all
of
gold
it
was
a
king
s
ANTONY
He
has
deserv
d
it
were
it
carbuncled
Like
holy
Phoebus
car
Give
me
thy
hand
Through
Alexandria
make
a
jolly
march
Bear
our
hack
d
targets
like
the
men
that
owe
them
Had
our
great
palace
the
capacity
To
camp
this
host
we
all
would
sup
together
And
drink
carouses
to
the
next
day
s
fate
Which
promises
royal
peril
Trumpeters
With
brazen
din
blast
you
the
city
s
ear
Make
mingle
with
our
rattling
tabourines
That
heaven
and
earth
may
strike
their
sounds
together
Applauding
our
approach
Exeunt
ACT
4
SC
9
SCENE
IX
CAESAR
S
camp
Enter
a
CENTURION
and
his
company
ENOBARBUS
follows
CENTURION
If
we
be
not
reliev
d
within
this
hour
We
must
return
to
th
court
of
guard
The
night
Is
shiny
and
they
say
we
shall
embattle
By
th
second
hour
i
th
morn
FIRST
WATCH
This
last
day
was
A
shrewd
one
to
s
ENOBARBUS
O
bear
me
witness
night
SECOND
WATCH
What
man
is
this
FIRST
WATCH
Stand
close
and
list
him
ENOBARBUS
Be
witness
to
me
O
thou
blessed
moon
When
men
revolted
shall
upon
record
Bear
hateful
memory
poor
Enobarbus
did
Before
thy
face
repent
CENTURION
Enobarbus
SECOND
WATCH
Peace
Hark
further
ENOBARBUS
O
sovereign
mistress
of
true
melancholy
The
poisonous
damp
of
night
disponge
upon
me
That
life
a
very
rebel
to
my
will
May
hang
no
longer
on
me
Throw
my
heart
Against
the
flint
and
hardness
of
my
fault
Which
being
dried
with
grief
will
break
to
powder
And
finish
all
foul
thoughts
O
Antony
Nobler
than
my
revolt
is
infamous
Forgive
me
in
thine
own
particular
But
let
the
world
rank
me
in
register
A
master
leaver
and
a
fugitive
O
Antony
O
Antony
Dies
FIRST
WATCH
Let
s
speak
to
him
CENTURION
Let
s
hear
him
for
the
things
he
speaks
May
concern
Caesar
SECOND
WATCH
Let
s
do
so
But
he
sleeps
CENTURION
Swoons
rather
for
so
bad
a
prayer
as
his
Was
never
yet
for
sleep
FIRST
WATCH
Go
we
to
him
SECOND
WATCH
Awake
sir
awake
speak
to
us
FIRST
WATCH
Hear
you
sir
CENTURION
The
hand
of
death
hath
raught
him
Drums
afar
off
Hark
the
drums
Demurely
wake
the
sleepers
Let
us
bear
him
To
th
court
of
guard
he
is
of
note
Our
hour
Is
fully
out
SECOND
WATCH
Come
on
then
He
may
recover
yet
Exeunt
with
the
body
ACT
4
SC
10
SCENE
X
Between
the
two
camps
Enter
ANTONY
and
SCARUS
with
their
army
ANTONY
Their
preparation
is
to
day
by
sea
We
please
them
not
by
land
SCARUS
For
both
my
lord
ANTONY
I
would
they
d
fight
i
th
fire
or
i
th
air
We
d
fight
there
too
But
this
it
is
our
foot
Upon
the
hills
adjoining
to
the
city
Shall
stay
with
us
Order
for
sea
is
given
They
have
put
forth
the
haven
Where
their
appointment
we
may
best
discover
And
look
on
their
endeavour
Exeunt
ACT
4
SC
11
SCENE
XI
Between
the
camps
Enter
CAESAR
and
his
army
CAESAR
But
being
charg
d
we
will
be
still
by
land
Which
as
I
take
t
we
shall
for
his
best
force
Is
forth
to
man
his
galleys
To
the
vales
And
hold
our
best
advantage
Exeunt
ACT
4
SC
12
SCENE
XII
A
hill
near
Alexandria
Enter
ANTONY
and
SCARUS
ANTONY
Yet
they
are
not
join
d
Where
yond
pine
does
stand
I
shall
discover
all
I
ll
bring
thee
word
Straight
how
tis
like
to
go
Exit
SCARUS
Swallows
have
built
In
Cleopatra
s
sails
their
nests
The
augurers
Say
they
know
not
they
cannot
tell
look
grimly
And
dare
not
speak
their
knowledge
Antony
Is
valiant
and
dejected
and
by
starts
His
fretted
fortunes
give
him
hope
and
fear
Of
what
he
has
and
has
not
Alarum
afar
off
as
at
a
sea
fight
Re
enter
ANTONY
ANTONY
All
is
lost
This
foul
Egyptian
hath
betrayed
me
My
fleet
hath
yielded
to
the
foe
and
yonder
They
cast
their
caps
up
and
carouse
together
Like
friends
long
lost
Triple
turn
d
whore
tis
thou
Hast
sold
me
to
this
novice
and
my
heart
Makes
only
wars
on
thee
Bid
them
all
fly
For
when
I
am
reveng
d
upon
my
charm
I
have
done
all
Bid
them
all
fly
begone
Exit
SCARUS
O
sun
thy
uprise
shall
I
see
no
more
Fortune
and
Antony
part
here
even
here
Do
we
shake
hands
All
come
to
this
The
hearts
That
spaniel
d
me
at
heels
to
whom
I
gave
Their
wishes
do
discandy
melt
their
sweets
On
blossoming
Caesar
and
this
pine
is
bark
d
That
overtopp
d
them
all
Betray
d
I
am
O
this
false
soul
of
Egypt
this
grave
charm
Whose
eye
beck
d
forth
my
wars
and
call
d
them
home
Whose
bosom
was
my
crownet
my
chief
end
Like
a
right
gypsy
hath
at
fast
and
loose
Beguil
d
me
to
the
very
heart
of
loss
What
Eros
Eros
Enter
CLEOPATRA
Ah
thou
spell
Avaunt
